// Jest Snapshot v1, https://goo.gl/fbAQLP

exports[`Flex Direction Row Render one text page with row direction 1`] = `
"%PDF-1.3
%ï¿½ï¿½ï¿½ï¿½
6 0 obj
<<
/Type /ExtGState
/ca 1
>>
endobj
5 0 obj
<<
/Type /Page
/Parent 1 0 R
/MediaBox [0 0 595.28 841.89]
/Contents 3 0 R
/Resources 4 0 R
>>
endobj
4 0 obj
<<
/ProcSet [/PDF /Text /ImageB /ImageC /ImageI]
/ExtGState <<
/Gs1 6 0 R
>>
/Font <<
/F1 7 0 R
>>
>>
endobj
8 0 obj
<<
/Producer (PDFKit)
/Creator (PDFKit)
/CreationDate (D:20160201030000Z)
>>
endobj
7 0 obj
<<
/Type /Font
/BaseFont /Helvetica
/Subtype /Type1
/Encoding /WinAnsiEncoding
>>
endobj
2 0 obj
<<
/Type /Catalog
/Pages 1 0 R
>>
endobj
1 0 obj
<<
/Type /Pages
/Count 1
/Kids [5 0 R]
>>
endobj
3 0 obj
<<
/Length 326
/Filter /FlateDecode
>>
stream
xï¿½ï¿½ï¿½ï¿½jï¿½0Eï¿½ï¿½
ï¿½@ï¿½32/Bï¿½@w-Þ•ï¿½d9tï¿½B1ï¿½ï¿½{G64}Aï¿½qï¿½ï¿½ï¿½ï¿½=ï¿½ÏŽï¿½ï¿½#uï¿½ï¿½ï¿½ï¿½ï¿½ï¿½ï¿½ï¿½Sï¿½ï¿½ï¿½ï¿½-ï¿½qï¿½d)/fZÈžï¿½jè§¶ï¿½ï¿½ï¿½[ï¿½ï¿½ï¿½gï¿½#ï¿½nï¿½Rï¿½ï¿½lï¿½ï¿½,ï¿½Oï¿½q/Nï¿½ï¿½ï¿½ï¿½3ï¿½ï¿½Gï¿½ï¿½ï¿½ï¿½	ï¿½ï¿½s@ï¿½\\"ï¿½8Hï¿½(ï¿½ï¿½Vï¿½*ï¿½Þ€ï¿½ï¿½+ï¿½	jï¿½Rï¿½ï¿½ï¿½ï¿½ï¿½Xï¿½K\\\\ï¿½ï¿½{ï¿½ã­¹ï¿½ï¿½ï¿½x\\\\ï¿½(ï¿½ï¿½<ï¿½×„gVï¿½ï¿½Tï¿½ï¿½ï¿½\\\\H#ï¿½ï¿½lR?ï¿½ï¿½ï¿½ï¿½Nï¿½?*ï¿½;ï¿½ï¿½ï¿½ EeE%Tï¿½ï¿½&ï¿½uMGc=cï¿½Gï¿½$ï¿½ï¿½7ï¿½dï¿½Bï¿½ï¿½ï¿½ï¿½ï¿½ ï¿½ï¿½f\\"ï¿½_'Eï¿½Eï¿½ï¿½Ý´?ï¿½ï¿½f\`kï¿½ï¿½ï¿½ï¿½ï¿½\`5ï¿½ï¿½ï¿½uqimï¿½ï¿½Eï¿½ï¿½(}YIxBï¿½ÆµIï¿½Otï¿½Lï¿½ï¿½ï¿½
endstream
endobj
xref
0 9
0000000000 65535 f 
0000000524 00000 n 
0000000475 00000 n 
0000000581 00000 n 
0000000169 00000 n 
0000000059 00000 n 
0000000015 00000 n 
0000000378 00000 n 
0000000286 00000 n 
trailer
<<
/Size 9
/Root 2 0 R
/Info 8 0 R
>>
startxref
979
%%EOF
"
`;
